1:
-
SELECT
 "primary",
 'primary'

21:
---------------------
SELECT
 "primary", 'primary'

27:
---------------------------
SELECT "primary", 'primary'